// Jest Snapshot v1, https://goo.gl/fbAQLP

exports[`<Button /> should render the medium size by default 1`] = `
.c0 {
  background: linear-gradient(       180deg,       #F366A7,       #DC448A     );
  color: #FAFAFA;
  border: none;
  border-radius: 0.4rem;
  font-weight: 600;
  line-height: 0%;
  display: flex;
  align-items: center;
  cursor: pointer;
  gap: 0.8rem;
  transition: 200ms ease-in-out;
  height: 4rem;
  font-size: 1.4rem;
  padding: 0 1.6rem;
  width: auto;
}

.c0:hover {
  background: linear-gradient(         180deg,         #DC448A,         #DC448A       );
}

.c0 svg {
  width: 2rem;
}

<button
  class="c0"
>
  <span>
    Buy now
  </span>
</button>
`;
